Archive member included because of file (symbol)

/usr/lib/gcc/avr/4.3.5/avr51/libgcc.a(_mulsi3.o)
                              fat.o (__mulsi3)
/usr/lib/gcc/avr/4.3.5/avr51/libgcc.a(_udivmodhi4.o)
                              fat.o (__udivmodhi4)
/usr/lib/gcc/avr/4.3.5/avr51/libgcc.a(_divmodhi4.o)
                              fat.o (__divmodhi4)
/usr/lib/gcc/avr/4.3.5/avr51/libgcc.a(_udivmodsi4.o)
                              fat.o (__udivmodsi4)
/usr/lib/gcc/avr/4.3.5/avr51/libgcc.a(_exit.o)
                              /usr/lib/gcc/avr/4.3.5/../../../avr/lib/avr51/crtm1280.o (exit)
/usr/lib/gcc/avr/4.3.5/avr51/libgcc.a(_clear_bss.o)
                              fat.o (__do_clear_bss)
/usr/lib/gcc/avr/4.3.5/../../../avr/lib/avr51/libc.a(strcmp_P.o)
                              main.o (strcmp_P)
/usr/lib/gcc/avr/4.3.5/../../../avr/lib/avr51/libc.a(strncmp_P.o)
                              main.o (strncmp_P)
/usr/lib/gcc/avr/4.3.5/../../../avr/lib/avr51/libc.a(memcpy.o)
                              fat.o (memcpy)
/usr/lib/gcc/avr/4.3.5/../../../avr/lib/avr51/libc.a(memset.o)
                              fat.o (memset)
/usr/lib/gcc/avr/4.3.5/../../../avr/lib/avr51/libc.a(strchr.o)
                              fat.o (strchr)
/usr/lib/gcc/avr/4.3.5/../../../avr/lib/avr51/libc.a(strcmp.o)
                              fat.o (strcmp)
/usr/lib/gcc/avr/4.3.5/../../../avr/lib/avr51/libc.a(strncmp.o)
                              fat.o (strncmp)
/usr/lib/gcc/avr/4.3.5/../../../avr/lib/avr51/libc.a(strncpy.o)
                              fat.o (strncpy)
/usr/lib/gcc/avr/4.3.5/../../../avr/lib/avr51/libc.a(strrchr.o)
                              fat.o (strrchr)

Memory Configuration

Name             Origin             Length             Attributes
text             0x00000000         0x00020000         xr
data             0x00800060         0x0000ffa0         rw !x
eeprom           0x00810000         0x00010000         rw !x
fuse             0x00820000         0x00000400         rw !x
lock             0x00830000         0x00000400         rw !x
signature        0x00840000         0x00000400         rw !x
*default*        0x00000000         0xffffffff

Linker script and memory map

Address of section .data set to 0x800200
LOAD /usr/lib/gcc/avr/4.3.5/../../../avr/lib/avr51/crtm1280.o
LOAD byteordering.o
LOAD fat.o
LOAD main.o
LOAD partition.o
LOAD sd_raw.o
LOAD uart.o
LOAD ../arduino/wiring.o
LOAD ../Select/select.o
LOAD ../Demux/Demux.o
LOAD ../arduino/wiring_digital.o
LOAD ../arduino/pins_arduino.o
LOAD /usr/lib/gcc/avr/4.3.5/avr51/libgcc.a
LOAD /usr/lib/gcc/avr/4.3.5/../../../avr/lib/avr51/libc.a
LOAD /usr/lib/gcc/avr/4.3.5/avr51/libgcc.a

.hash
 *(.hash)

.dynsym
 *(.dynsym)

.dynstr
 *(.dynstr)

.gnu.version
 *(.gnu.version)

.gnu.version_d
 *(.gnu.version_d)

.gnu.version_r
 *(.gnu.version_r)

.rel.init
 *(.rel.init)

.rela.init
 *(.rela.init)

.rel.text
 *(.rel.text)
 *(.rel.text.*)
 *(.rel.gnu.linkonce.t*)

.rela.text
 *(.rela.text)
 *(.rela.text.*)
 *(.rela.gnu.linkonce.t*)

.rel.fini
 *(.rel.fini)

.rela.fini
 *(.rela.fini)

.rel.rodata
 *(.rel.rodata)
 *(.rel.rodata.*)
 *(.rel.gnu.linkonce.r*)

.rela.rodata
 *(.rela.rodata)
 *(.rela.rodata.*)
 *(.rela.gnu.linkonce.r*)

.rel.data
 *(.rel.data)
 *(.rel.data.*)
 *(.rel.gnu.linkonce.d*)

.rela.data
 *(.rela.data)
 *(.rela.data.*)
 *(.rela.gnu.linkonce.d*)

.rel.ctors
 *(.rel.ctors)

.rela.ctors
 *(.rela.ctors)

.rel.dtors
 *(.rel.dtors)

.rela.dtors
 *(.rela.dtors)

.rel.got
 *(.rel.got)

.rela.got
 *(.rela.got)

.rel.bss
 *(.rel.bss)

.rela.bss
 *(.rela.bss)

.rel.plt
 *(.rel.plt)

.rela.plt
 *(.rela.plt)

.text           0x00000000     0x4170
 *(.vectors)
 .vectors       0x00000000       0xe4 /usr/lib/gcc/avr/4.3.5/../../../avr/lib/avr51/crtm1280.o
                0x00000000                __vectors
                0x00000000                __vector_default
 *(.vectors)
 *(.progmem.gcc*)
 *(.progmem*)
 .progmem.data  0x000000e4      0x1f4 main.o
 .progmem.data  0x000002d8      0x120 ../arduino/pins_arduino.o
                0x000002d8                port_to_mode_PGM
                0x000002f2                port_to_output_PGM
                0x0000030c                port_to_input_PGM
                0x00000326                digital_pin_to_port_PGM
                0x0000036c                digital_pin_to_bit_mask_PGM
                0x000003b2                digital_pin_to_timer_PGM
                0x000003f8                . = ALIGN (0x2)
                0x000003f8                __trampolines_start = .
 *(.trampolines)
 .trampolines   0x000003f8        0x0 linker stubs
 *(.trampolines*)
                0x000003f8                __trampolines_end = .
 *(.jumptables)
 *(.jumptables*)
 *(.lowtext)
 *(.lowtext*)
                0x000003f8                __ctors_start = .
 *(.ctors)
                0x000003f8                __ctors_end = .
                0x000003f8                __dtors_start = .
 *(.dtors)
                0x000003f8                __dtors_end = .
 SORT(*)(.ctors)
 SORT(*)(.dtors)
 *(.init0)
 .init0         0x000003f8        0x0 /usr/lib/gcc/avr/4.3.5/../../../avr/lib/avr51/crtm1280.o
                0x000003f8                __init
 *(.init0)
 *(.init1)
 *(.init1)
 *(.init2)
 .init2         0x000003f8        0xc /usr/lib/gcc/avr/4.3.5/../../../avr/lib/avr51/crtm1280.o
 *(.init2)
 *(.init3)
 *(.init3)
 *(.init4)
 .init4         0x00000404       0x1a /usr/lib/gcc/avr/4.3.5/../../../avr/lib/avr51/crtm1280.o
                0x00000404                __do_copy_data
 .init4         0x0000041e       0x10 /usr/lib/gcc/avr/4.3.5/avr51/libgcc.a(_clear_bss.o)
                0x0000041e                __do_clear_bss
 *(.init4)
 *(.init5)
 *(.init5)
 *(.init6)
 *(.init6)
 *(.init7)
 *(.init7)
 *(.init8)
 *(.init8)
 *(.init9)
 .init9         0x0000042e        0x8 /usr/lib/gcc/avr/4.3.5/../../../avr/lib/avr51/crtm1280.o
 *(.init9)
 *(.text)
 .text          0x00000436        0x4 /usr/lib/gcc/avr/4.3.5/../../../avr/lib/avr51/crtm1280.o
                0x00000436                __vector_38
                0x00000436                __vector_22
                0x00000436                __vector_28
                0x00000436                __vector_1
                0x00000436                __vector_32
                0x00000436                __vector_34
                0x00000436                __vector_24
                0x00000436                __vector_12
                0x00000436                __vector_55
                0x00000436                __vector_46
                0x00000436                __bad_interrupt
                0x00000436                __vector_6
                0x00000436                __vector_31
                0x00000436                __vector_35
                0x00000436                __vector_39
                0x00000436                __vector_3
                0x00000436                __vector_30
                0x00000436                __vector_45
                0x00000436                __vector_11
                0x00000436                __vector_54
                0x00000436                __vector_13
                0x00000436                __vector_17
                0x00000436                __vector_19
                0x00000436                __vector_56
                0x00000436                __vector_7
                0x00000436                __vector_49
                0x00000436                __vector_41
                0x00000436                __vector_43
                0x00000436                __vector_27
                0x00000436                __vector_5
                0x00000436                __vector_33
                0x00000436                __vector_47
                0x00000436                __vector_52
                0x00000436                __vector_37
                0x00000436                __vector_4
                0x00000436                __vector_44
                0x00000436                __vector_51
                0x00000436                __vector_9
                0x00000436                __vector_2
                0x00000436                __vector_21
                0x00000436                __vector_15
                0x00000436                __vector_36
                0x00000436                __vector_29
                0x00000436                __vector_40
                0x00000436                __vector_8
                0x00000436                __vector_26
                0x00000436                __vector_48
                0x00000436                __vector_14
                0x00000436                __vector_53
                0x00000436                __vector_10
                0x00000436                __vector_50
                0x00000436                __vector_16
                0x00000436                __vector_18
                0x00000436                __vector_20
                0x00000436                __vector_42
 .text          0x0000043a        0x0 byteordering.o
 .text          0x0000043a     0x1fe2 fat.o
                0x0000043a                fat_close
                0x00000788                fat_close_file
                0x00000794                fat_read_file
                0x00000a28                fat_close_dir
                0x00000a34                fat_reset_dir
                0x00000a4e                fat_delete_file
                0x00000b52                fat_get_fs_size
                0x00000b90                fat_get_fs_free
                0x00000dac                fat_read_dir
                0x000011c4                fat_open
                0x000019da                fat_create_dir
                0x00001b58                fat_create_file
                0x00001c20                fat_resize_file
                0x00001e62                fat_seek_file
                0x00001f1a                fat_write_file
                0x00002214                fat_open_dir
                0x0000228e                fat_open_file
                0x000022fa                fat_get_dir_entry_of_path
 .text          0x0000241c      0x722 main.o
                0x00002670                main
 .text          0x00002b3e      0x1c8 partition.o
                0x00002b3e                partition_close
                0x00002b4e                partition_open
 .text          0x00002d06      0x9c4 sd_raw.o
                0x00002d06                sd_raw_available
                0x00002d12                sd_raw_locked
                0x00002de6                unselect_card
                0x00002df0                select_card
                0x00002dfa                sd_raw_get_info
                0x0000304e                sd_raw_write
                0x00003214                sd_raw_sync
                0x00003248                sd_raw_read
                0x000033d6                sd_raw_read_interval
                0x000034b6                sd_raw_write_interval
                0x0000356c                configure_pin_ss
                0x00003572                sd_raw_init
 .text          0x000036ca      0x258 uart.o
                0x000036ca                uart_init
                0x000036e2                uart_putc
                0x00003700                uart_putc_hex
                0x00003738                uart_putw_hex
                0x0000374c                uart_putdw_hex
                0x00003772                uart_putw_dec
                0x000037ee                uart_putdw_dec
                0x000038c0                uart_puts
                0x000038da                uart_puts_p
                0x000038f6                uart_getc
                0x00003920                __vector_25
 .text          0x00003922      0x234 ../arduino/wiring.o
                0x00003922                __vector_23
                0x000039ca                millis
                0x000039e6                micros
                0x00003a32                delay
                0x00003a7e                delayMicroseconds
                0x00003a92                init
 .text          0x00003b56       0x68 ../Select/select.o
                0x00003b56                CSSelectDevice
                0x00003bb0                initSelect
 .text          0x00003bbe      0x192 ../Demux/Demux.o
                0x00003bbe                muxSetEnabled
                0x00003bce                muxSelect
                0x00003c9e                initDemux
                0x00003cee                testDemux
 .text          0x00003d50      0x286 ../arduino/wiring_digital.o
                0x00003d50                pinMode
                0x00003d9c                digitalWrite
                0x00003ebe                digitalRead
 .text          0x00003fd6        0x0 ../arduino/pins_arduino.o
 .text          0x00003fd6        0x0 /usr/lib/gcc/avr/4.3.5/avr51/libgcc.a(_mulsi3.o)
 .text          0x00003fd6        0x0 /usr/lib/gcc/avr/4.3.5/avr51/libgcc.a(_udivmodhi4.o)
 .text          0x00003fd6        0x0 /usr/lib/gcc/avr/4.3.5/avr51/libgcc.a(_divmodhi4.o)
 .text          0x00003fd6        0x0 /usr/lib/gcc/avr/4.3.5/avr51/libgcc.a(_udivmodsi4.o)
 .text          0x00003fd6        0x0 /usr/lib/gcc/avr/4.3.5/avr51/libgcc.a(_exit.o)
 .text          0x00003fd6        0x0 /usr/lib/gcc/avr/4.3.5/avr51/libgcc.a(_clear_bss.o)
 .text          0x00003fd6        0x0 /usr/lib/gcc/avr/4.3.5/../../../avr/lib/avr51/libc.a(strcmp_P.o)
 .text          0x00003fd6        0x0 /usr/lib/gcc/avr/4.3.5/../../../avr/lib/avr51/libc.a(strncmp_P.o)
 .text          0x00003fd6        0x0 /usr/lib/gcc/avr/4.3.5/../../../avr/lib/avr51/libc.a(memcpy.o)
 .text          0x00003fd6        0x0 /usr/lib/gcc/avr/4.3.5/../../../avr/lib/avr51/libc.a(memset.o)
 .text          0x00003fd6        0x0 /usr/lib/gcc/avr/4.3.5/../../../avr/lib/avr51/libc.a(strchr.o)
 .text          0x00003fd6        0x0 /usr/lib/gcc/avr/4.3.5/../../../avr/lib/avr51/libc.a(strcmp.o)
 .text          0x00003fd6        0x0 /usr/lib/gcc/avr/4.3.5/../../../avr/lib/avr51/libc.a(strncmp.o)
 .text          0x00003fd6        0x0 /usr/lib/gcc/avr/4.3.5/../../../avr/lib/avr51/libc.a(strncpy.o)
 .text          0x00003fd6        0x0 /usr/lib/gcc/avr/4.3.5/../../../avr/lib/avr51/libc.a(strrchr.o)
                0x00003fd6                . = ALIGN (0x2)
 *(.text.*)
 .text.libgcc   0x00003fd6       0x3e /usr/lib/gcc/avr/4.3.5/avr51/libgcc.a(_mulsi3.o)
                0x00003fd6                __mulsi3
 .text.libgcc   0x00004014       0x28 /usr/lib/gcc/avr/4.3.5/avr51/libgcc.a(_udivmodhi4.o)
                0x00004014                __udivmodhi4
 .text.libgcc   0x0000403c       0x26 /usr/lib/gcc/avr/4.3.5/avr51/libgcc.a(_divmodhi4.o)
                0x0000403c                __divmodhi4
                0x0000403c                _div
 .text.libgcc   0x00004062       0x44 /usr/lib/gcc/avr/4.3.5/avr51/libgcc.a(_udivmodsi4.o)
                0x00004062                __udivmodsi4
 .text.libgcc   0x000040a6        0x0 /usr/lib/gcc/avr/4.3.5/avr51/libgcc.a(_exit.o)
 .text.libgcc   0x000040a6        0x0 /usr/lib/gcc/avr/4.3.5/avr51/libgcc.a(_clear_bss.o)
 .text.avr-libc
                0x000040a6       0x12 /usr/lib/gcc/avr/4.3.5/../../../avr/lib/avr51/libc.a(strcmp_P.o)
                0x000040a6                strcmp_P
 .text.avr-libc
                0x000040b8       0x1c /usr/lib/gcc/avr/4.3.5/../../../avr/lib/avr51/libc.a(strncmp_P.o)
                0x000040b8                strncmp_P
 .text.avr-libc
                0x000040d4       0x12 /usr/lib/gcc/avr/4.3.5/../../../avr/lib/avr51/libc.a(memcpy.o)
                0x000040d4                memcpy
 .text.avr-libc
                0x000040e6        0xe /usr/lib/gcc/avr/4.3.5/../../../avr/lib/avr51/libc.a(memset.o)
                0x000040e6                memset
 .text.avr-libc
                0x000040f4       0x16 /usr/lib/gcc/avr/4.3.5/../../../avr/lib/avr51/libc.a(strchr.o)
                0x000040f4                strchr
 .text.avr-libc
                0x0000410a       0x12 /usr/lib/gcc/avr/4.3.5/../../../avr/lib/avr51/libc.a(strcmp.o)
                0x0000410a                strcmp
 .text.avr-libc
                0x0000411c       0x1c /usr/lib/gcc/avr/4.3.5/../../../avr/lib/avr51/libc.a(strncmp.o)
                0x0000411c                strncmp
 .text.avr-libc
                0x00004138       0x1e /usr/lib/gcc/avr/4.3.5/../../../avr/lib/avr51/libc.a(strncpy.o)
                0x00004138                strncpy
 .text.avr-libc
                0x00004156       0x16 /usr/lib/gcc/avr/4.3.5/../../../avr/lib/avr51/libc.a(strrchr.o)
                0x00004156                strrchr
                0x0000416c                . = ALIGN (0x2)
 *(.fini9)
 .fini9         0x0000416c        0x0 /usr/lib/gcc/avr/4.3.5/avr51/libgcc.a(_exit.o)
                0x0000416c                exit
                0x0000416c                _exit
 *(.fini9)
 *(.fini8)
 *(.fini8)
 *(.fini7)
 *(.fini7)
 *(.fini6)
 *(.fini6)
 *(.fini5)
 *(.fini5)
 *(.fini4)
 *(.fini4)
 *(.fini3)
 *(.fini3)
 *(.fini2)
 *(.fini2)
 *(.fini1)
 *(.fini1)
 *(.fini0)
 .fini0         0x0000416c        0x4 /usr/lib/gcc/avr/4.3.5/avr51/libgcc.a(_exit.o)
 *(.fini0)
                0x00004170                _etext = .

.data           0x00800200       0x10 load address 0x00004170
                0x00800200                PROVIDE (__data_start, .)
 *(.data)
 .data          0x00800200        0x0 /usr/lib/gcc/avr/4.3.5/../../../avr/lib/avr51/crtm1280.o
 .data          0x00800200        0x0 byteordering.o
 .data          0x00800200        0xd fat.o
 .data          0x0080020d        0x2 main.o
 .data          0x0080020f        0x0 partition.o
 .data          0x0080020f        0x0 sd_raw.o
 .data          0x0080020f        0x0 uart.o
 .data          0x0080020f        0x0 ../arduino/wiring.o
 .data          0x0080020f        0x0 ../Select/select.o
 .data          0x0080020f        0x0 ../Demux/Demux.o
 .data          0x0080020f        0x0 ../arduino/wiring_digital.o
 .data          0x0080020f        0x0 ../arduino/pins_arduino.o
 .data          0x0080020f        0x0 /usr/lib/gcc/avr/4.3.5/avr51/libgcc.a(_mulsi3.o)
 .data          0x0080020f        0x0 /usr/lib/gcc/avr/4.3.5/avr51/libgcc.a(_udivmodhi4.o)
 .data          0x0080020f        0x0 /usr/lib/gcc/avr/4.3.5/avr51/libgcc.a(_divmodhi4.o)
 .data          0x0080020f        0x0 /usr/lib/gcc/avr/4.3.5/avr51/libgcc.a(_udivmodsi4.o)
 .data          0x0080020f        0x0 /usr/lib/gcc/avr/4.3.5/avr51/libgcc.a(_exit.o)
 .data          0x0080020f        0x0 /usr/lib/gcc/avr/4.3.5/avr51/libgcc.a(_clear_bss.o)
 .data          0x0080020f        0x0 /usr/lib/gcc/avr/4.3.5/../../../avr/lib/avr51/libc.a(strcmp_P.o)
 .data          0x0080020f        0x0 /usr/lib/gcc/avr/4.3.5/../../../avr/lib/avr51/libc.a(strncmp_P.o)
 .data          0x0080020f        0x0 /usr/lib/gcc/avr/4.3.5/../../../avr/lib/avr51/libc.a(memcpy.o)
 .data          0x0080020f        0x0 /usr/lib/gcc/avr/4.3.5/../../../avr/lib/avr51/libc.a(memset.o)
 .data          0x0080020f        0x0 /usr/lib/gcc/avr/4.3.5/../../../avr/lib/avr51/libc.a(strchr.o)
 .data          0x0080020f        0x0 /usr/lib/gcc/avr/4.3.5/../../../avr/lib/avr51/libc.a(strcmp.o)
 .data          0x0080020f        0x0 /usr/lib/gcc/avr/4.3.5/../../../avr/lib/avr51/libc.a(strncmp.o)
 .data          0x0080020f        0x0 /usr/lib/gcc/avr/4.3.5/../../../avr/lib/avr51/libc.a(strncpy.o)
 .data          0x0080020f        0x0 /usr/lib/gcc/avr/4.3.5/../../../avr/lib/avr51/libc.a(strrchr.o)
 *(.data*)
 *(.rodata)
 *(.rodata*)
 *(.gnu.linkonce.d*)
                0x00800210                . = ALIGN (0x2)
 *fill*         0x0080020f        0x1 00
                0x00800210                _edata = .
                0x00800210                PROVIDE (__data_end, .)

.bss            0x00800210      0x2d1
                0x00800210                PROVIDE (__bss_start, .)
 *(.bss)
 .bss           0x00800210        0x0 /usr/lib/gcc/avr/4.3.5/../../../avr/lib/avr51/crtm1280.o
 .bss           0x00800210        0x0 byteordering.o
 .bss           0x00800210       0xb1 fat.o
 .bss           0x008002c1        0x0 main.o
 .bss           0x008002c1       0x11 partition.o
 .bss           0x008002d2      0x206 sd_raw.o
 .bss           0x008004d8        0x0 uart.o
 .bss           0x008004d8        0x9 ../arduino/wiring.o
                0x008004d8                timer0_overflow_count
                0x008004dc                timer0_millis
 .bss           0x008004e1        0x0 ../Select/select.o
 .bss           0x008004e1        0x0 ../Demux/Demux.o
 .bss           0x008004e1        0x0 ../arduino/wiring_digital.o
 .bss           0x008004e1        0x0 ../arduino/pins_arduino.o
 .bss           0x008004e1        0x0 /usr/lib/gcc/avr/4.3.5/avr51/libgcc.a(_mulsi3.o)
 .bss           0x008004e1        0x0 /usr/lib/gcc/avr/4.3.5/avr51/libgcc.a(_udivmodhi4.o)
 .bss           0x008004e1        0x0 /usr/lib/gcc/avr/4.3.5/avr51/libgcc.a(_divmodhi4.o)
 .bss           0x008004e1        0x0 /usr/lib/gcc/avr/4.3.5/avr51/libgcc.a(_udivmodsi4.o)
 .bss           0x008004e1        0x0 /usr/lib/gcc/avr/4.3.5/avr51/libgcc.a(_exit.o)
 .bss           0x008004e1        0x0 /usr/lib/gcc/avr/4.3.5/avr51/libgcc.a(_clear_bss.o)
 .bss           0x008004e1        0x0 /usr/lib/gcc/avr/4.3.5/../../../avr/lib/avr51/libc.a(strcmp_P.o)
 .bss           0x008004e1        0x0 /usr/lib/gcc/avr/4.3.5/../../../avr/lib/avr51/libc.a(strncmp_P.o)
 .bss           0x008004e1        0x0 /usr/lib/gcc/avr/4.3.5/../../../avr/lib/avr51/libc.a(memcpy.o)
 .bss           0x008004e1        0x0 /usr/lib/gcc/avr/4.3.5/../../../avr/lib/avr51/libc.a(memset.o)
 .bss           0x008004e1        0x0 /usr/lib/gcc/avr/4.3.5/../../../avr/lib/avr51/libc.a(strchr.o)
 .bss           0x008004e1        0x0 /usr/lib/gcc/avr/4.3.5/../../../avr/lib/avr51/libc.a(strcmp.o)
 .bss           0x008004e1        0x0 /usr/lib/gcc/avr/4.3.5/../../../avr/lib/avr51/libc.a(strncmp.o)
 .bss           0x008004e1        0x0 /usr/lib/gcc/avr/4.3.5/../../../avr/lib/avr51/libc.a(strncpy.o)
 .bss           0x008004e1        0x0 /usr/lib/gcc/avr/4.3.5/../../../avr/lib/avr51/libc.a(strrchr.o)
 *(.bss*)
 *(COMMON)
                0x008004e1                PROVIDE (__bss_end, .)
                0x00004170                __data_load_start = LOADADDR (.data)
                0x00004180                __data_load_end = (__data_load_start + SIZEOF (.data))

.noinit         0x008004e1        0x0
                0x008004e1                PROVIDE (__noinit_start, .)
 *(.noinit*)
                0x008004e1                PROVIDE (__noinit_end, .)
                0x008004e1                _end = .
                0x008004e1                PROVIDE (__heap_start, .)

.eeprom         0x00810000        0x0
 *(.eeprom*)
                0x00810000                __eeprom_end = .

.fuse
 *(.fuse)
 *(.lfuse)
 *(.hfuse)
 *(.efuse)

.lock
 *(.lock*)

.signature
 *(.signature*)

.stab           0x00000000     0x8400
 *(.stab)
 .stab          0x00000000      0x750 /usr/lib/gcc/avr/4.3.5/../../../avr/lib/avr51/crtm1280.o
 .stab          0x00000750      0x264 byteordering.o
                                0x270 (size before relaxing)
 .stab          0x000009b4     0x2cc4 fat.o
                               0x2e38 (size before relaxing)
 .stab          0x00003678      0xfe4 main.o
                               0x1218 (size before relaxing)
 .stab          0x0000465c      0x300 partition.o
                                0x504 (size before relaxing)
 .stab          0x0000495c     0x1518 sd_raw.o
                               0x1788 (size before relaxing)
 .stab          0x00005e74      0x828 uart.o
                                0xa80 (size before relaxing)
 .stab          0x0000669c      0x6b4 ../arduino/wiring.o
                                0x93c (size before relaxing)
 .stab          0x00006d50      0x294 ../Select/select.o
                                0x4b0 (size before relaxing)
 .stab          0x00006fe4      0x498 ../Demux/Demux.o
                                0x6d8 (size before relaxing)
 .stab          0x0000747c      0x804 ../arduino/wiring_digital.o
                                0xb34 (size before relaxing)
 .stab          0x00007c80      0x204 ../arduino/pins_arduino.o
                                0x540 (size before relaxing)
 .stab          0x00007e84       0x84 /usr/lib/gcc/avr/4.3.5/../../../avr/lib/avr51/libc.a(strcmp_P.o)
                                 0x90 (size before relaxing)
 .stab          0x00007f08       0xc0 /usr/lib/gcc/avr/4.3.5/../../../avr/lib/avr51/libc.a(strncmp_P.o)
                                 0xcc (size before relaxing)
 .stab          0x00007fc8       0x84 /usr/lib/gcc/avr/4.3.5/../../../avr/lib/avr51/libc.a(memcpy.o)
                                 0x90 (size before relaxing)
 .stab          0x0000804c       0x6c /usr/lib/gcc/avr/4.3.5/../../../avr/lib/avr51/libc.a(memset.o)
                                 0x78 (size before relaxing)
 .stab          0x000080b8       0x9c /usr/lib/gcc/avr/4.3.5/../../../avr/lib/avr51/libc.a(strchr.o)
                                 0xa8 (size before relaxing)
 .stab          0x00008154       0x84 /usr/lib/gcc/avr/4.3.5/../../../avr/lib/avr51/libc.a(strcmp.o)
                                 0x90 (size before relaxing)
 .stab          0x000081d8       0xc0 /usr/lib/gcc/avr/4.3.5/../../../avr/lib/avr51/libc.a(strncmp.o)
                                 0xcc (size before relaxing)
 .stab          0x00008298       0xcc /usr/lib/gcc/avr/4.3.5/../../../avr/lib/avr51/libc.a(strncpy.o)
                                 0xd8 (size before relaxing)
 .stab          0x00008364       0x9c /usr/lib/gcc/avr/4.3.5/../../../avr/lib/avr51/libc.a(strrchr.o)
                                 0xa8 (size before relaxing)

.stabstr        0x00000000     0x315f
 *(.stabstr)
 .stabstr       0x00000000     0x315f /usr/lib/gcc/avr/4.3.5/../../../avr/lib/avr51/crtm1280.o

.stab.excl
 *(.stab.excl)

.stab.exclstr
 *(.stab.exclstr)

.stab.index
 *(.stab.index)

.stab.indexstr
 *(.stab.indexstr)

.comment
 *(.comment)

.debug
 *(.debug)

.line
 *(.line)

.debug_srcinfo
 *(.debug_srcinfo)

.debug_sfnames
 *(.debug_sfnames)

.debug_aranges
 *(.debug_aranges)

.debug_pubnames
 *(.debug_pubnames)

.debug_info
 *(.debug_info)
 *(.gnu.linkonce.wi.*)

.debug_abbrev
 *(.debug_abbrev)

.debug_line
 *(.debug_line)

.debug_frame
 *(.debug_frame)

.debug_str
 *(.debug_str)

.debug_loc
 *(.debug_loc)

.debug_macinfo
 *(.debug_macinfo)
OUTPUT(sd-reader.out elf32-avr)
LOAD linker stubs
